c:\users\sando\downloads\starfall-33.30-main\starfall-33.30-main\starfall\x64\release\starfall 33.30.pch
c:\users\sando\downloads\starfall-33.30-main\starfall-33.30-main\starfall\x64\release\vc143.pdb
c:\users\sando\downloads\starfall-33.30-main\starfall-33.30-main\starfall\x64\release\pch.obj
c:\users\sando\downloads\starfall-33.30-main\starfall-33.30-main\starfall\x64\release\url.obj
c:\users\sando\downloads\starfall-33.30-main\starfall-33.30-main\starfall\x64\release\ue.obj
c:\users\sando\downloads\starfall-33.30-main\starfall-33.30-main\starfall\x64\release\request.obj
c:\users\sando\downloads\starfall-33.30-main\starfall-33.30-main\starfall\x64\release\redirection.obj
c:\users\sando\downloads\starfall-33.30-main\starfall-33.30-main\starfall\x64\release\hooking.obj
c:\users\sando\downloads\starfall-33.30-main\starfall-33.30-main\starfall\x64\release\exit.obj
c:\users\sando\downloads\starfall-33.30-main\starfall-33.30-main\starfall\x64\release\dllmain.obj
c:\users\sando\downloads\starfall-33.30-main\starfall-33.30-main\starfall\x64\release\base.obj
c:\users\sando\downloads\starfall-33.30-main\starfall-33.30-main\x64\release\starfall 33.30.dll
c:\users\sando\downloads\starfall-33.30-main\starfall-33.30-main\x64\release\starfall 33.30.pdb
c:\users\sando\downloads\starfall-33.30-main\starfall-33.30-main\starfall\x64\release\starfall 33.30.ipdb
c:\users\sando\downloads\starfall-33.30-main\starfall-33.30-main\starfall\x64\release\starfall 33.30.iobj
c:\users\sando\downloads\starfall-33.30-main\starfall-33.30-main\starfall\x64\release\starfall 33.30.tlog\cl.command.1.tlog
c:\users\sando\downloads\starfall-33.30-main\starfall-33.30-main\starfall\x64\release\starfall 33.30.tlog\cl.items.tlog
c:\users\sando\downloads\starfall-33.30-main\starfall-33.30-main\starfall\x64\release\starfall 33.30.tlog\cl.read.1.tlog
c:\users\sando\downloads\starfall-33.30-main\starfall-33.30-main\starfall\x64\release\starfall 33.30.tlog\cl.write.1.tlog
c:\users\sando\downloads\starfall-33.30-main\starfall-33.30-main\starfall\x64\release\starfall 33.30.tlog\link.command.1.tlog
c:\users\sando\downloads\starfall-33.30-main\starfall-33.30-main\starfall\x64\release\starfall 33.30.tlog\link.read.1.tlog
c:\users\sando\downloads\starfall-33.30-main\starfall-33.30-main\starfall\x64\release\starfall 33.30.tlog\link.secondary.1.tlog
c:\users\sando\downloads\starfall-33.30-main\starfall-33.30-main\starfall\x64\release\starfall 33.30.tlog\link.write.1.tlog
